
> temp-app@0.0.0 build
> tsc -b && vite build

src/components/dashboard/IncomeExpenseChart.tsx(60,13): error TS2322: Type '(value: number) => string' is not assignable to type 'Formatter<ValueType, NameType> & ((value: ValueType, name: NameType, item: TooltipPayloadEntry, index: number, payload: TooltipPayload) => ReactNode | [...])'.
  Type '(value: number) => string' is not assignable to type 'Formatter<ValueType, NameType>'.
    Types of parameters 'value' and 'value' are incompatible.
      Type 'ValueType | undefined' is not assignable to type 'number'.
        Type 'undefined' is not assignable to type 'number'.
src/pages/Expenses.tsx(123,15): error TS7053: Element implicitly has an 'any' type because expression of type '3' can't be used to index type 'RowInput | HTMLTableRowElement'.
  Property '3' does not exist on type 'RowInput | HTMLTableRowElement'.
